// Jest Snapshot v1, https://goo.gl/fbAQLP

exports[`CubeGrid.vue renders correctly 1`] = `
<div
  class="sk-cube-grid"
  style="--vcs-cube-grid-color: #282c34; --vcs-cube-grid-size: 50px;"
>
  <div
    class="sk-cube sk-cube1"
  />
   
  <div
    class="sk-cube sk-cube2"
  />
   
  <div
    class="sk-cube sk-cube3"
  />
   
  <div
    class="sk-cube sk-cube4"
  />
   
  <div
    class="sk-cube sk-cube5"
  />
   
  <div
    class="sk-cube sk-cube6"
  />
   
  <div
    class="sk-cube sk-cube7"
  />
   
  <div
    class="sk-cube sk-cube8"
  />
   
  <div
    class="sk-cube sk-cube9"
  />
</div>
`;
