// Jest Snapshot v1, https://goo.gl/fbAQLP

exports[`Ring.vue renders correctly 1`] = `
<div
  class="lds-ring"
  style="--vcs-ring-color: #282c34; --vcs-ring-size: 50px; --vcs-ring-thickness: 6px;"
>
  <div />
   
  <div />
   
  <div />
   
  <div />
</div>
`;
